2026-04-29 13:31:14,349 - utils.logger - INFO - agent has incilized succsfully
2026-04-29 13:32:21,100 - utils.logger - INFO - agent has incilized succsfully
2026-04-29 13:32:30,520 - utils.logger - INFO - agent has incilized succsfully
2026-04-29 13:32:41,061 - utils.logger - INFO - agent has incilized succsfully
2026-04-29 13:32:42,542 - utils.logger - INFO - agent has incilized succsfully
2026-04-29 13:33:34,494 - utils.logger - INFO - agent has incilized succsfully
2026-04-29 13:33:39,305 - utils.logger - INFO - agent has incilized succsfully
2026-04-29 13:33:41,629 - utils.logger - INFO - agent has incilized succsfully
2026-04-29 13:34:14,674 - utils.logger - INFO - agent has incilized succsfully
2026-04-29 13:34:17,081 - utils.logger - INFO - agent has incilized succsfully
2026-04-29 13:34:39,723 - utils.logger - INFO - agent has incilized succsfully
2026-04-29 13:35:40,116 - utils.logger - INFO - agent has incilized succsfully
2026-04-29 13:36:55,585 - utils.logger - INFO - agent has incilized succsfully
2026-04-29 13:37:01,399 - utils.logger - INFO - agent has incilized succsfully
2026-04-29 13:37:37,678 - utils.logger - INFO - agent has incilized succsfully
2026-04-29 13:37:46,021 - utils.logger - INFO - agent has incilized succsfully
2026-04-29 13:39:21,797 - utils.logger - INFO - agent has incilized succsfully
2026-04-30 14:18:12,179 - utils.logger - INFO - agent has incilized succsfully
2026-04-30 14:18:13,497 - utils.logger - INFO - agent has incilized succsfully
2026-04-30 14:18:51,134 - utils.logger - INFO - agent has incilized succsfully
2026-04-30 14:19:01,038 - utils.logger - INFO - agent has incilized succsfully
2026-04-30 14:19:10,471 - utils.logger - INFO - agent has incilized succsfully
2026-04-30 14:19:34,118 - utils.logger - INFO - agent has incilized succsfully
2026-04-30 14:20:45,097 - utils.logger - INFO - agent has incilized succsfully
2026-04-30 14:21:09,326 - utils.logger - INFO - agent has incilized succsfully
2026-04-30 14:21:17,317 - utils.logger - INFO - agent has incilized succsfully
2026-04-30 14:21:41,149 - utils.logger - INFO - agent has incilized succsfully
2026-04-30 14:21:42,577 - utils.logger - INFO - agent has incilized succsfully
2026-04-30 14:21:53,450 - utils.logger - INFO - agent has incilized succsfully
2026-04-30 14:21:57,648 - utils.logger - INFO - agent has incilized succsfully
2026-04-30 14:22:10,250 - utils.logger - INFO - agent has incilized succsfully
2026-04-30 14:22:17,177 - utils.logger - INFO - agent has incilized succsfully
2026-04-30 14:22:18,611 - utils.logger - INFO - agent has incilized succsfully
2026-04-30 14:24:15,961 - utils.logger - INFO - agent has incilized succsfully
2026-04-30 14:24:22,867 - utils.logger - INFO - agent has incilized succsfully
2026-04-30 14:24:25,498 - utils.logger - INFO - agent has incilized succsfully
2026-04-30 14:24:35,116 - utils.logger - INFO - agent has incilized succsfully
2026-04-30 14:24:36,581 - utils.logger - INFO - agent has incilized succsfully
2026-04-30 14:25:23,935 - utils.logger - INFO - agent has incilized succsfully
2026-04-30 14:25:28,770 - utils.logger - INFO - agent has incilized succsfully
2026-04-30 14:25:48,930 - utils.logger - INFO - agent has incilized succsfully
2026-04-30 14:26:02,175 - utils.logger - INFO - agent has incilized succsfully
2026-04-30 14:26:03,634 - utils.logger - INFO - agent has incilized succsfully
2026-04-30 14:26:15,276 - utils.logger - INFO - agent has incilized succsfully
2026-04-30 14:26:16,728 - utils.logger - INFO - agent has incilized succsfully
2026-04-30 14:26:21,880 - utils.logger - INFO - agent has incilized succsfully
2026-04-30 14:26:29,157 - utils.logger - INFO - agent has incilized succsfully
2026-04-30 14:27:15,752 - utils.logger - INFO - agent has incilized succsfully
2026-04-30 14:27:19,191 - utils.logger - INFO - agent has incilized succsfully
2026-04-30 14:27:58,732 - utils.logger - INFO - agent has incilized succsfully
2026-04-30 14:28:00,173 - utils.logger - INFO - agent has incilized succsfully
2026-04-30 14:28:01,826 - utils.logger - INFO - agent has incilized succsfully
2026-04-30 14:28:03,283 - utils.logger - INFO - agent has incilized succsfully
2026-04-30 14:30:53,870 - utils.logger - INFO - agent has incilized succsfully
2026-04-30 14:30:55,116 - utils.logger - INFO - agent has incilized succsfully
2026-04-30 14:37:11,978 - utils.logger - INFO - agent has incilized succsfully
2026-04-30 14:37:14,264 - utils.logger - INFO - agent has incilized succsfully
2026-04-30 14:39:20,063 - utils.logger - INFO - agent has incilized succsfully
2026-04-30 14:39:57,287 - utils.logger - INFO - agent has incilized succsfully
2026-04-30 14:40:17,480 - utils.logger - INFO - agent has incilized succsfully
2026-04-30 14:40:19,431 - utils.logger - INFO - agent has incilized succsfully
2026-04-30 14:41:19,804 - utils.logger - INFO - agent has incilized succsfully
2026-04-30 14:41:23,466 - utils.logger - INFO - agent has incilized succsfully
2026-04-30 14:42:24,139 - utils.logger - INFO - agent has incilized succsfully
2026-04-30 14:42:25,588 - utils.logger - INFO - agent has incilized succsfully
2026-04-30 14:42:27,024 - utils.logger - INFO - agent has incilized succsfully
2026-04-30 14:42:34,802 - utils.logger - INFO - agent has incilized succsfully
2026-04-30 14:43:24,389 - utils.logger - INFO - agent has incilized succsfully
2026-04-30 14:43:31,026 - utils.logger - INFO - agent has incilized succsfully
2026-04-30 14:44:15,682 - utils.logger - INFO - agent has incilized succsfully
2026-04-30 14:44:18,702 - utils.logger - INFO - agent has incilized succsfully
2026-04-30 14:44:19,544 - utils.logger - DEBUG - agent query runing
2026-04-30 14:49:10,318 - utils.logger - DEBUG - agent query runing
2026-04-30 14:50:21,553 - utils.logger - INFO - agent has incilized succsfully
2026-04-30 14:50:30,053 - utils.logger - INFO - agent has incilized succsfully
2026-04-30 14:50:30,624 - utils.logger - DEBUG - agent query runing
2026-04-30 14:51:03,770 - utils.logger - INFO - agent has incilized succsfully
2026-04-30 14:51:32,412 - utils.logger - INFO - agent has incilized succsfully
2026-04-30 14:51:33,844 - utils.logger - INFO - agent has incilized succsfully
2026-04-30 14:52:01,433 - utils.logger - INFO - agent has incilized succsfully
2026-04-30 14:52:04,616 - utils.logger - DEBUG - agent query runing
2026-04-30 14:53:04,750 - utils.logger - DEBUG - agent query runing
2026-04-30 14:56:25,604 - utils.logger - INFO - agent has incilized succsfully
2026-04-30 14:56:27,025 - utils.logger - INFO - agent has incilized succsfully
2026-04-30 14:56:29,327 - utils.logger - DEBUG - agent query runing
2026-04-30 15:44:16,970 - utils.logger - INFO - agent has incilized succsfully
2026-04-30 15:44:27,233 - utils.logger - INFO - agent has incilized succsfully
2026-04-30 15:44:28,664 - utils.logger - INFO - agent has incilized succsfully
2026-04-30 15:44:54,578 - utils.logger - DEBUG - agent query runing
2026-04-30 15:44:54,579 - utils.logger - DEBUG - agent query runing
2026-04-30 15:44:55,616 - utils.logger - DEBUG - agent query runing
2026-04-30 15:46:02,863 - utils.logger - INFO - agent has incilized succsfully
2026-04-30 15:46:08,618 - utils.logger - DEBUG - agent query runing
2026-04-30 15:46:08,618 - utils.logger - DEBUG - agent query runing
2026-04-30 15:46:08,624 - utils.logger - DEBUG - agent query runing
2026-04-30 15:46:08,635 - utils.logger - DEBUG - agent query runing
2026-04-30 15:46:08,642 - utils.logger - DEBUG - agent query runing
2026-04-30 15:46:08,642 - utils.logger - DEBUG - agent query runing
2026-04-30 15:46:08,642 - utils.logger - DEBUG - agent query runing
2026-04-30 15:46:08,651 - utils.logger - DEBUG - agent query runing
2026-04-30 15:46:08,652 - utils.logger - DEBUG - agent query runing
2026-04-30 15:46:08,652 - utils.logger - DEBUG - agent query runing
2026-04-30 15:46:40,526 - utils.logger - INFO - agent has incilized succsfully
2026-04-30 15:48:42,724 - utils.logger - INFO - agent has incilized succsfully
2026-04-30 15:48:55,223 - utils.logger - INFO - agent has incilized succsfully
2026-04-30 15:49:04,354 - utils.logger - INFO - agent has incilized succsfully
2026-04-30 15:49:08,558 - utils.logger - INFO - agent has incilized succsfully
2026-04-30 15:51:45,068 - utils.logger - INFO - agent has incilized succsfully
2026-04-30 15:51:48,945 - utils.logger - INFO - agent has incilized succsfully
2026-04-30 15:53:05,734 - utils.logger - INFO - agent has incilized succsfully
2026-04-30 15:53:11,014 - utils.logger - INFO - agent has incilized succsfully
2026-04-30 15:53:31,933 - utils.logger - INFO - agent has incilized succsfully
2026-04-30 15:53:34,994 - utils.logger - INFO - agent has incilized succsfully
2026-04-30 15:56:26,921 - utils.logger - INFO - agent has incilized succsfully
2026-04-30 15:58:12,000 - utils.logger - INFO - agent has incilized succsfully
2026-04-30 15:58:35,869 - utils.logger - INFO - agent has incilized succsfully
2026-04-30 15:58:41,173 - utils.logger - INFO - agent has incilized succsfully
2026-04-30 15:59:13,763 - utils.logger - INFO - agent has incilized succsfully
2026-04-30 15:59:15,211 - utils.logger - INFO - agent has incilized succsfully
2026-04-30 15:59:28,901 - utils.logger - INFO - agent has incilized succsfully
2026-04-30 15:59:30,695 - utils.logger - INFO - agent has incilized succsfully
2026-04-30 15:59:32,122 - utils.logger - INFO - agent has incilized succsfully
2026-04-30 15:59:33,559 - utils.logger - INFO - agent has incilized succsfully
2026-04-30 15:59:35,058 - utils.logger - INFO - agent has incilized succsfully
2026-04-30 15:59:46,679 - utils.logger - INFO - agent has incilized succsfully
2026-04-30 15:59:52,473 - utils.logger - INFO - agent has incilized succsfully
2026-04-30 16:00:36,813 - utils.logger - INFO - agent has incilized succsfully
2026-04-30 16:00:43,008 - utils.logger - INFO - agent has incilized succsfully
2026-04-30 16:00:48,828 - utils.logger - INFO - agent has incilized succsfully
2026-04-30 16:00:54,873 - utils.logger - INFO - agent has incilized succsfully
2026-04-30 16:01:04,385 - utils.logger - INFO - agent has incilized succsfully
2026-04-30 16:01:07,587 - utils.logger - INFO - agent has incilized succsfully
2026-04-30 16:01:10,244 - utils.logger - INFO - agent has incilized succsfully
2026-04-30 16:01:11,683 - utils.logger - INFO - agent has incilized succsfully
2026-04-30 16:01:51,518 - utils.logger - INFO - agent has incilized succsfully
2026-04-30 16:01:58,683 - utils.logger - INFO - agent has incilized succsfully
2026-04-30 16:02:25,698 - utils.logger - INFO - agent has incilized succsfully
2026-04-30 16:02:33,471 - utils.logger - INFO - agent has incilized succsfully
2026-04-30 16:02:34,914 - utils.logger - INFO - agent has incilized succsfully
2026-04-30 16:02:44,860 - utils.logger - INFO - agent has incilized succsfully
2026-04-30 16:02:47,744 - utils.logger - INFO - agent has incilized succsfully
2026-04-30 16:02:50,166 - utils.logger - INFO - agent has incilized succsfully
2026-04-30 16:04:06,827 - utils.logger - INFO - agent has incilized succsfully
2026-04-30 16:04:08,155 - utils.logger - INFO - agent has incilized succsfully
2026-04-30 16:05:05,085 - utils.logger - INFO - agent has incilized succsfully
2026-04-30 16:07:23,841 - utils.logger - INFO - agent has incilized succsfully
2026-04-30 16:08:48,646 - utils.logger - INFO - agent has incilized succsfully
2026-04-30 16:09:06,401 - utils.logger - INFO - agent has incilized succsfully
2026-04-30 16:10:04,255 - utils.logger - DEBUG - agent query runing
2026-04-30 16:10:04,256 - utils.logger - DEBUG - agent query runing
2026-04-30 16:10:04,256 - utils.logger - DEBUG - agent query runing
2026-04-30 16:10:04,257 - utils.logger - DEBUG - agent query runing
2026-04-30 16:10:04,257 - utils.logger - DEBUG - agent query runing
2026-04-30 16:10:04,258 - utils.logger - DEBUG - agent query runing
2026-04-30 16:10:04,258 - utils.logger - DEBUG - agent query runing
2026-04-30 16:10:04,259 - utils.logger - DEBUG - agent query runing
2026-04-30 16:10:04,259 - utils.logger - DEBUG - agent query runing
2026-04-30 16:10:04,260 - utils.logger - DEBUG - agent query runing
2026-04-30 16:10:04,260 - utils.logger - DEBUG - agent query runing
2026-04-30 16:10:04,261 - utils.logger - DEBUG - agent query runing
2026-04-30 16:10:04,261 - utils.logger - DEBUG - agent query runing
2026-04-30 16:10:04,262 - utils.logger - DEBUG - agent query runing
2026-04-30 16:10:04,262 - utils.logger - DEBUG - agent query runing
2026-04-30 16:10:04,263 - utils.logger - DEBUG - agent query runing
2026-04-30 16:10:04,263 - utils.logger - DEBUG - agent query runing
2026-04-30 16:10:04,264 - utils.logger - DEBUG - agent query runing
2026-04-30 16:10:04,264 - utils.logger - DEBUG - agent query runing
2026-04-30 16:10:04,265 - utils.logger - DEBUG - agent query runing
2026-04-30 16:10:04,265 - utils.logger - DEBUG - agent query runing
2026-04-30 16:10:04,266 - utils.logger - DEBUG - agent query runing
2026-04-30 16:10:04,266 - utils.logger - DEBUG - agent query runing
2026-04-30 16:10:04,267 - utils.logger - DEBUG - agent query runing
2026-04-30 16:10:04,267 - utils.logger - DEBUG - agent query runing
2026-04-30 16:10:04,268 - utils.logger - DEBUG - agent query runing
2026-04-30 16:10:04,268 - utils.logger - DEBUG - agent query runing
2026-04-30 16:10:04,269 - utils.logger - DEBUG - agent query runing
2026-04-30 16:10:04,269 - utils.logger - DEBUG - agent query runing
2026-04-30 16:10:04,270 - utils.logger - DEBUG - agent query runing
2026-04-30 16:10:04,270 - utils.logger - DEBUG - agent query runing
2026-04-30 16:10:04,271 - utils.logger - DEBUG - agent query runing
2026-04-30 16:10:04,271 - utils.logger - DEBUG - agent query runing
2026-04-30 16:10:04,272 - utils.logger - DEBUG - agent query runing
2026-04-30 16:10:04,272 - utils.logger - DEBUG - agent query runing
2026-04-30 16:10:04,273 - utils.logger - DEBUG - agent query runing
2026-04-30 16:10:04,273 - utils.logger - DEBUG - agent query runing
2026-04-30 16:10:04,274 - utils.logger - DEBUG - agent query runing
2026-04-30 16:10:04,274 - utils.logger - DEBUG - agent query runing
2026-04-30 16:10:04,275 - utils.logger - DEBUG - agent query runing
2026-04-30 16:10:04,275 - utils.logger - DEBUG - agent query runing
2026-04-30 16:10:04,275 - utils.logger - DEBUG - agent query runing
2026-04-30 16:10:04,276 - utils.logger - DEBUG - agent query runing
2026-04-30 16:10:04,276 - utils.logger - DEBUG - agent query runing
2026-04-30 16:10:04,277 - utils.logger - DEBUG - agent query runing
2026-04-30 16:10:04,277 - utils.logger - DEBUG - agent query runing
2026-04-30 16:10:04,278 - utils.logger - DEBUG - agent query runing
2026-04-30 16:10:04,278 - utils.logger - DEBUG - agent query runing
2026-04-30 16:10:04,279 - utils.logger - DEBUG - agent query runing
2026-04-30 16:10:04,279 - utils.logger - DEBUG - agent query runing
2026-04-30 16:10:04,280 - utils.logger - DEBUG - agent query runing
2026-04-30 16:10:04,280 - utils.logger - DEBUG - agent query runing
2026-04-30 16:10:04,280 - utils.logger - DEBUG - agent query runing
2026-04-30 16:10:04,281 - utils.logger - DEBUG - agent query runing
2026-04-30 16:10:04,282 - utils.logger - DEBUG - agent query runing
2026-04-30 16:10:04,282 - utils.logger - DEBUG - agent query runing
2026-04-30 16:10:04,283 - utils.logger - DEBUG - agent query runing
2026-04-30 16:10:04,283 - utils.logger - DEBUG - agent query runing
2026-04-30 16:10:04,284 - utils.logger - DEBUG - agent query runing
2026-04-30 16:10:04,284 - utils.logger - DEBUG - agent query runing
2026-04-30 16:10:04,285 - utils.logger - DEBUG - agent query runing
2026-04-30 16:10:04,285 - utils.logger - DEBUG - agent query runing
2026-04-30 16:10:04,285 - utils.logger - DEBUG - agent query runing
2026-04-30 16:10:04,286 - utils.logger - DEBUG - agent query runing
2026-04-30 16:10:04,286 - utils.logger - DEBUG - agent query runing
2026-04-30 16:10:04,287 - utils.logger - DEBUG - agent query runing
2026-04-30 16:10:04,287 - utils.logger - DEBUG - agent query runing
2026-04-30 16:10:04,288 - utils.logger - DEBUG - agent query runing
2026-04-30 16:10:04,288 - utils.logger - DEBUG - agent query runing
2026-04-30 16:10:04,289 - utils.logger - DEBUG - agent query runing
2026-04-30 16:10:04,289 - utils.logger - DEBUG - agent query runing
2026-04-30 16:10:04,290 - utils.logger - DEBUG - agent query runing
2026-04-30 16:10:04,290 - utils.logger - DEBUG - agent query runing
2026-04-30 16:10:04,291 - utils.logger - DEBUG - agent query runing
2026-04-30 16:10:04,291 - utils.logger - DEBUG - agent query runing
2026-04-30 16:10:04,291 - utils.logger - DEBUG - agent query runing
2026-04-30 16:10:04,292 - utils.logger - DEBUG - agent query runing
2026-04-30 16:10:04,292 - utils.logger - DEBUG - agent query runing
2026-04-30 16:10:04,293 - utils.logger - DEBUG - agent query runing
2026-04-30 16:10:04,294 - utils.logger - DEBUG - agent query runing
2026-04-30 16:10:04,294 - utils.logger - DEBUG - agent query runing
2026-04-30 16:10:04,294 - utils.logger - DEBUG - agent query runing
2026-04-30 16:10:04,295 - utils.logger - DEBUG - agent query runing
2026-04-30 16:10:04,295 - utils.logger - DEBUG - agent query runing
2026-04-30 16:10:04,296 - utils.logger - DEBUG - agent query runing
2026-04-30 16:10:04,296 - utils.logger - DEBUG - agent query runing
2026-04-30 16:10:04,297 - utils.logger - DEBUG - agent query runing
2026-04-30 16:10:04,297 - utils.logger - DEBUG - agent query runing
2026-04-30 16:10:04,298 - utils.logger - DEBUG - agent query runing
2026-04-30 16:10:04,298 - utils.logger - DEBUG - agent query runing
2026-04-30 16:10:04,299 - utils.logger - DEBUG - agent query runing
2026-04-30 16:10:04,299 - utils.logger - DEBUG - agent query runing
2026-04-30 16:10:04,300 - utils.logger - DEBUG - agent query runing
2026-04-30 16:10:04,300 - utils.logger - DEBUG - agent query runing
2026-04-30 16:10:04,301 - utils.logger - DEBUG - agent query runing
2026-04-30 16:10:04,301 - utils.logger - DEBUG - agent query runing
2026-04-30 16:10:04,301 - utils.logger - DEBUG - agent query runing
2026-04-30 16:10:04,302 - utils.logger - DEBUG - agent query runing
2026-04-30 16:10:04,303 - utils.logger - DEBUG - agent query runing
2026-04-30 16:10:04,303 - utils.logger - DEBUG - agent query runing
2026-04-30 16:10:04,304 - utils.logger - DEBUG - agent query runing
2026-04-30 16:10:04,304 - utils.logger - DEBUG - agent query runing
2026-04-30 16:10:04,305 - utils.logger - DEBUG - agent query runing
2026-04-30 16:10:04,305 - utils.logger - DEBUG - agent query runing
2026-04-30 16:10:04,305 - utils.logger - DEBUG - agent query runing
2026-04-30 16:10:04,306 - utils.logger - DEBUG - agent query runing
2026-04-30 16:10:04,306 - utils.logger - DEBUG - agent query runing
2026-04-30 16:10:04,307 - utils.logger - DEBUG - agent query runing
2026-04-30 16:10:04,307 - utils.logger - DEBUG - agent query runing
2026-04-30 16:10:04,308 - utils.logger - DEBUG - agent query runing
2026-04-30 16:10:04,308 - utils.logger - DEBUG - agent query runing
2026-04-30 16:10:04,309 - utils.logger - DEBUG - agent query runing
2026-04-30 16:10:04,309 - utils.logger - DEBUG - agent query runing
2026-04-30 16:10:04,310 - utils.logger - DEBUG - agent query runing
2026-04-30 16:10:04,310 - utils.logger - DEBUG - agent query runing
2026-04-30 16:10:04,311 - utils.logger - DEBUG - agent query runing
2026-04-30 16:10:04,311 - utils.logger - DEBUG - agent query runing
2026-04-30 16:10:04,312 - utils.logger - DEBUG - agent query runing
2026-04-30 16:10:04,312 - utils.logger - DEBUG - agent query runing
2026-04-30 16:10:04,313 - utils.logger - DEBUG - agent query runing
2026-04-30 16:10:04,313 - utils.logger - DEBUG - agent query runing
2026-04-30 16:10:04,314 - utils.logger - DEBUG - agent query runing
2026-04-30 16:10:04,314 - utils.logger - DEBUG - agent query runing
2026-04-30 16:10:04,315 - utils.logger - DEBUG - agent query runing
2026-04-30 16:10:04,315 - utils.logger - DEBUG - agent query runing
2026-04-30 16:10:04,315 - utils.logger - DEBUG - agent query runing
2026-04-30 16:10:04,316 - utils.logger - DEBUG - agent query runing
2026-04-30 16:10:04,316 - utils.logger - DEBUG - agent query runing
2026-04-30 16:10:04,317 - utils.logger - DEBUG - agent query runing
2026-04-30 16:10:04,318 - utils.logger - DEBUG - agent query runing
2026-04-30 16:10:04,318 - utils.logger - DEBUG - agent query runing
2026-04-30 16:10:04,318 - utils.logger - DEBUG - agent query runing
2026-04-30 16:10:04,319 - utils.logger - DEBUG - agent query runing
2026-04-30 16:10:04,319 - utils.logger - DEBUG - agent query runing
2026-04-30 16:10:04,320 - utils.logger - DEBUG - agent query runing
2026-04-30 16:10:04,320 - utils.logger - DEBUG - agent query runing
2026-04-30 16:10:04,321 - utils.logger - DEBUG - agent query runing
2026-04-30 16:10:04,321 - utils.logger - DEBUG - agent query runing
2026-04-30 16:10:04,322 - utils.logger - DEBUG - agent query runing
2026-04-30 16:10:04,322 - utils.logger - DEBUG - agent query runing
2026-04-30 16:10:04,323 - utils.logger - DEBUG - agent query runing
2026-04-30 16:10:04,323 - utils.logger - DEBUG - agent query runing
2026-04-30 16:10:04,324 - utils.logger - DEBUG - agent query runing
2026-04-30 16:10:04,324 - utils.logger - DEBUG - agent query runing
2026-04-30 16:10:04,325 - utils.logger - DEBUG - agent query runing
2026-04-30 16:10:04,325 - utils.logger - DEBUG - agent query runing
2026-04-30 16:10:04,325 - utils.logger - DEBUG - agent query runing
2026-04-30 16:10:04,326 - utils.logger - DEBUG - agent query runing
2026-04-30 16:10:04,327 - utils.logger - DEBUG - agent query runing
2026-04-30 16:10:04,327 - utils.logger - DEBUG - agent query runing
2026-04-30 16:11:21,465 - utils.logger - INFO - agent has incilized succsfully
2026-04-30 16:17:24,427 - utils.logger - INFO - agent has incilized succsfully
2026-04-30 16:17:25,654 - utils.logger - INFO - agent has incilized succsfully
2026-04-30 16:18:45,142 - utils.logger - DEBUG - agent query runing
2026-04-30 16:18:45,143 - utils.logger - DEBUG - agent query runing
2026-04-30 16:18:45,145 - utils.logger - DEBUG - agent query runing
2026-04-30 16:18:45,148 - utils.logger - DEBUG - agent query runing
2026-04-30 16:18:45,152 - utils.logger - DEBUG - agent query runing
2026-04-30 16:18:45,158 - utils.logger - DEBUG - agent query runing
2026-04-30 16:18:45,158 - utils.logger - DEBUG - agent query runing
2026-04-30 16:18:45,161 - utils.logger - DEBUG - agent query runing
2026-04-30 16:18:45,161 - utils.logger - DEBUG - agent query runing
2026-04-30 16:18:45,164 - utils.logger - DEBUG - agent query runing
2026-04-30 16:18:45,165 - utils.logger - DEBUG - agent query runing
2026-04-30 16:18:45,166 - utils.logger - DEBUG - agent query runing
2026-04-30 16:18:45,166 - utils.logger - DEBUG - agent query runing
2026-04-30 16:18:45,169 - utils.logger - DEBUG - agent query runing
2026-04-30 16:18:45,174 - utils.logger - DEBUG - agent query runing
2026-04-30 16:18:45,175 - utils.logger - DEBUG - agent query runing
2026-04-30 16:18:45,175 - utils.logger - DEBUG - agent query runing
2026-04-30 16:18:45,176 - utils.logger - DEBUG - agent query runing
2026-04-30 16:18:45,176 - utils.logger - DEBUG - agent query runing
2026-04-30 16:18:45,179 - utils.logger - DEBUG - agent query runing
2026-04-30 16:18:45,182 - utils.logger - DEBUG - agent query runing
2026-04-30 16:18:45,188 - utils.logger - DEBUG - agent query runing
2026-04-30 16:18:45,188 - utils.logger - DEBUG - agent query runing
2026-04-30 16:18:45,190 - utils.logger - DEBUG - agent query runing
2026-04-30 16:18:45,191 - utils.logger - DEBUG - agent query runing
2026-04-30 16:18:45,191 - utils.logger - DEBUG - agent query runing
2026-04-30 16:18:45,194 - utils.logger - DEBUG - agent query runing
2026-04-30 17:19:33,535 - app.utils.logger - INFO - agent has incilized succsfully
2026-04-30 17:19:34,747 - app.utils.logger - INFO - agent has incilized succsfully
2026-04-30 17:19:51,673 - app.utils.logger - DEBUG - agent query runing
2026-04-30 17:19:51,673 - app.utils.logger - DEBUG - agent query runing
2026-04-30 17:19:51,674 - app.utils.logger - DEBUG - agent query runing
2026-04-30 17:19:51,685 - app.utils.logger - DEBUG - agent query runing
2026-04-30 17:19:51,685 - app.utils.logger - DEBUG - agent query runing
2026-04-30 17:19:51,694 - app.utils.logger - DEBUG - agent query runing
2026-04-30 17:19:51,694 - app.utils.logger - DEBUG - agent query runing
2026-04-30 17:19:51,695 - app.utils.logger - DEBUG - agent query runing
2026-04-30 17:19:51,705 - app.utils.logger - DEBUG - agent query runing
2026-04-30 17:19:51,705 - app.utils.logger - DEBUG - agent query runing
2026-04-30 17:19:51,706 - app.utils.logger - DEBUG - agent query runing
2026-04-30 17:19:51,715 - app.utils.logger - DEBUG - agent query runing
2026-04-30 17:19:51,715 - app.utils.logger - DEBUG - agent query runing
2026-04-30 17:19:51,725 - app.utils.logger - DEBUG - agent query runing
2026-04-30 17:19:51,726 - app.utils.logger - DEBUG - agent query runing
2026-04-30 17:19:51,726 - app.utils.logger - DEBUG - agent query runing
2026-04-30 17:19:51,727 - app.utils.logger - DEBUG - agent query runing
2026-04-30 17:19:51,727 - app.utils.logger - DEBUG - agent query runing
2026-04-30 17:19:51,727 - app.utils.logger - DEBUG - agent query runing
2026-04-30 17:19:51,737 - app.utils.logger - DEBUG - agent query runing
2026-04-30 17:19:51,737 - app.utils.logger - DEBUG - agent query runing
2026-04-30 17:19:51,738 - app.utils.logger - DEBUG - agent query runing
2026-04-30 17:19:51,740 - app.utils.logger - DEBUG - agent query runing
2026-04-30 17:19:51,741 - app.utils.logger - DEBUG - agent query runing
2026-04-30 17:19:51,741 - app.utils.logger - DEBUG - agent query runing
2026-04-30 17:19:51,749 - app.utils.logger - DEBUG - agent query runing
2026-04-30 17:20:30,767 - app.utils.logger - DEBUG - agent query runing
2026-04-30 17:20:30,767 - app.utils.logger - DEBUG - agent query runing
2026-04-30 17:20:30,768 - app.utils.logger - DEBUG - agent query runing
2026-04-30 17:20:30,769 - app.utils.logger - DEBUG - agent query runing
2026-04-30 17:20:30,769 - app.utils.logger - DEBUG - agent query runing
2026-04-30 17:20:30,770 - app.utils.logger - DEBUG - agent query runing
2026-04-30 17:20:30,770 - app.utils.logger - DEBUG - agent query runing
2026-04-30 17:20:30,771 - app.utils.logger - DEBUG - agent query runing
2026-04-30 17:20:30,771 - app.utils.logger - DEBUG - agent query runing
2026-04-30 17:20:30,772 - app.utils.logger - DEBUG - agent query runing
2026-04-30 17:20:30,772 - app.utils.logger - DEBUG - agent query runing
2026-04-30 17:20:30,773 - app.utils.logger - DEBUG - agent query runing
2026-04-30 17:20:30,773 - app.utils.logger - DEBUG - agent query runing
2026-04-30 17:20:30,774 - app.utils.logger - DEBUG - agent query runing
2026-04-30 17:20:30,774 - app.utils.logger - DEBUG - agent query runing
2026-04-30 17:20:30,775 - app.utils.logger - DEBUG - agent query runing
2026-04-30 17:20:30,775 - app.utils.logger - DEBUG - agent query runing
2026-04-30 17:20:30,776 - app.utils.logger - DEBUG - agent query runing
2026-04-30 17:20:30,776 - app.utils.logger - DEBUG - agent query runing
2026-04-30 17:20:30,777 - app.utils.logger - DEBUG - agent query runing
2026-04-30 17:20:30,777 - app.utils.logger - DEBUG - agent query runing
2026-04-30 17:20:30,778 - app.utils.logger - DEBUG - agent query runing
2026-04-30 17:20:30,778 - app.utils.logger - DEBUG - agent query runing
2026-04-30 17:20:30,779 - app.utils.logger - DEBUG - agent query runing
2026-04-30 17:20:30,779 - app.utils.logger - DEBUG - agent query runing
2026-04-30 17:20:30,780 - app.utils.logger - DEBUG - agent query runing
2026-04-30 17:20:30,780 - app.utils.logger - DEBUG - agent query runing
2026-04-30 17:20:30,781 - app.utils.logger - DEBUG - agent query runing
2026-04-30 17:20:30,781 - app.utils.logger - DEBUG - agent query runing
2026-04-30 17:20:30,782 - app.utils.logger - DEBUG - agent query runing
2026-04-30 17:20:30,782 - app.utils.logger - DEBUG - agent query runing
2026-04-30 17:20:30,783 - app.utils.logger - DEBUG - agent query runing
2026-04-30 17:20:30,783 - app.utils.logger - DEBUG - agent query runing
2026-04-30 17:20:30,784 - app.utils.logger - DEBUG - agent query runing
2026-04-30 17:20:30,784 - app.utils.logger - DEBUG - agent query runing
2026-04-30 17:20:30,785 - app.utils.logger - DEBUG - agent query runing
2026-04-30 17:20:30,785 - app.utils.logger - DEBUG - agent query runing
2026-04-30 17:20:30,786 - app.utils.logger - DEBUG - agent query runing
2026-04-30 17:20:30,786 - app.utils.logger - DEBUG - agent query runing
2026-04-30 17:20:30,787 - app.utils.logger - DEBUG - agent query runing
2026-04-30 17:20:30,787 - app.utils.logger - DEBUG - agent query runing
2026-04-30 17:20:30,788 - app.utils.logger - DEBUG - agent query runing
2026-04-30 17:21:17,162 - app.utils.logger - DEBUG - agent query runing
2026-04-30 17:21:17,162 - app.utils.logger - DEBUG - agent query runing
2026-04-30 17:21:17,163 - app.utils.logger - DEBUG - agent query runing
2026-04-30 17:21:17,163 - app.utils.logger - DEBUG - agent query runing
2026-04-30 17:21:17,164 - app.utils.logger - DEBUG - agent query runing
2026-04-30 17:21:17,164 - app.utils.logger - DEBUG - agent query runing
2026-04-30 17:21:17,174 - app.utils.logger - DEBUG - agent query runing
2026-04-30 17:21:17,175 - app.utils.logger - DEBUG - agent query runing
2026-04-30 17:21:17,175 - app.utils.logger - DEBUG - agent query runing
2026-04-30 17:21:17,176 - app.utils.logger - DEBUG - agent query runing
2026-04-30 17:21:17,182 - app.utils.logger - DEBUG - agent query runing
2026-04-30 17:21:17,183 - app.utils.logger - DEBUG - agent query runing
2026-04-30 17:21:17,188 - app.utils.logger - DEBUG - agent query runing
2026-04-30 17:21:17,188 - app.utils.logger - DEBUG - agent query runing
2026-04-30 17:21:17,199 - app.utils.logger - DEBUG - agent query runing
2026-04-30 17:21:17,199 - app.utils.logger - DEBUG - agent query runing
2026-04-30 17:21:17,205 - app.utils.logger - DEBUG - agent query runing
2026-04-30 17:21:17,213 - app.utils.logger - DEBUG - agent query runing
2026-04-30 17:21:17,214 - app.utils.logger - DEBUG - agent query runing
2026-04-30 17:21:17,214 - app.utils.logger - DEBUG - agent query runing
2026-04-30 17:21:17,215 - app.utils.logger - DEBUG - agent query runing
2026-04-30 17:21:17,215 - app.utils.logger - DEBUG - agent query runing
2026-04-30 17:21:17,220 - app.utils.logger - DEBUG - agent query runing
2026-04-30 17:21:17,220 - app.utils.logger - DEBUG - agent query runing
2026-04-30 17:21:17,224 - app.utils.logger - DEBUG - agent query runing
2026-04-30 17:21:17,224 - app.utils.logger - DEBUG - agent query runing
2026-04-30 17:21:17,225 - app.utils.logger - DEBUG - agent query runing
2026-04-30 17:21:17,225 - app.utils.logger - DEBUG - agent query runing
2026-04-30 17:21:17,226 - app.utils.logger - DEBUG - agent query runing
2026-04-30 17:21:44,921 - app.utils.logger - DEBUG - agent query runing
2026-04-30 17:21:44,921 - app.utils.logger - DEBUG - agent query runing
2026-04-30 17:21:44,930 - app.utils.logger - DEBUG - agent query runing
2026-04-30 17:21:44,931 - app.utils.logger - DEBUG - agent query runing
2026-04-30 17:21:44,931 - app.utils.logger - DEBUG - agent query runing
2026-04-30 17:21:44,937 - app.utils.logger - DEBUG - agent query runing
2026-04-30 17:21:44,948 - app.utils.logger - DEBUG - agent query runing
2026-04-30 17:21:44,949 - app.utils.logger - DEBUG - agent query runing
2026-04-30 17:21:44,956 - app.utils.logger - DEBUG - agent query runing
2026-04-30 17:21:44,957 - app.utils.logger - DEBUG - agent query runing
2026-04-30 17:21:44,957 - app.utils.logger - DEBUG - agent query runing
2026-04-30 17:21:44,958 - app.utils.logger - DEBUG - agent query runing
2026-04-30 17:21:44,958 - app.utils.logger - DEBUG - agent query runing
2026-04-30 17:21:44,961 - app.utils.logger - DEBUG - agent query runing
2026-04-30 17:21:44,961 - app.utils.logger - DEBUG - agent query runing
2026-04-30 17:21:44,962 - app.utils.logger - DEBUG - agent query runing
2026-04-30 17:21:44,962 - app.utils.logger - DEBUG - agent query runing
2026-04-30 17:21:44,962 - app.utils.logger - DEBUG - agent query runing
2026-04-30 17:21:44,979 - app.utils.logger - DEBUG - agent query runing
2026-04-30 17:21:44,980 - app.utils.logger - DEBUG - agent query runing
2026-04-30 17:21:44,980 - app.utils.logger - DEBUG - agent query runing
2026-04-30 17:21:44,986 - app.utils.logger - DEBUG - agent query runing
2026-04-30 17:21:44,989 - app.utils.logger - DEBUG - agent query runing
2026-04-30 17:21:44,990 - app.utils.logger - DEBUG - agent query runing
2026-04-30 17:21:44,990 - app.utils.logger - DEBUG - agent query runing
2026-04-30 17:21:44,991 - app.utils.logger - DEBUG - agent query runing
2026-04-30 17:21:44,997 - app.utils.logger - DEBUG - agent query runing
2026-04-30 17:21:44,997 - app.utils.logger - DEBUG - agent query runing
2026-04-30 17:21:44,998 - app.utils.logger - DEBUG - agent query runing
2026-04-30 17:21:44,998 - app.utils.logger - DEBUG - agent query runing
2026-04-30 17:21:45,008 - app.utils.logger - DEBUG - agent query runing
2026-04-30 17:21:45,008 - app.utils.logger - DEBUG - agent query runing
2026-04-30 17:21:45,009 - app.utils.logger - DEBUG - agent query runing
2026-04-30 17:21:45,019 - app.utils.logger - DEBUG - agent query runing
2026-04-30 17:21:45,020 - app.utils.logger - DEBUG - agent query runing
2026-04-30 17:21:45,020 - app.utils.logger - DEBUG - agent query runing
2026-04-30 17:21:45,021 - app.utils.logger - DEBUG - agent query runing
2026-04-30 17:22:39,425 - app.utils.logger - DEBUG - agent query runing
2026-04-30 17:22:39,425 - app.utils.logger - DEBUG - agent query runing
2026-04-30 17:22:39,426 - app.utils.logger - DEBUG - agent query runing
2026-04-30 17:22:39,426 - app.utils.logger - DEBUG - agent query runing
2026-04-30 17:22:39,427 - app.utils.logger - DEBUG - agent query runing
2026-04-30 17:22:39,427 - app.utils.logger - DEBUG - agent query runing
2026-04-30 17:22:39,428 - app.utils.logger - DEBUG - agent query runing
2026-04-30 17:22:39,428 - app.utils.logger - DEBUG - agent query runing
2026-04-30 17:22:39,428 - app.utils.logger - DEBUG - agent query runing
2026-04-30 17:22:39,429 - app.utils.logger - DEBUG - agent query runing
2026-04-30 17:22:39,429 - app.utils.logger - DEBUG - agent query runing
2026-04-30 17:22:39,430 - app.utils.logger - DEBUG - agent query runing
2026-04-30 17:22:39,452 - app.utils.logger - DEBUG - agent query runing
2026-04-30 17:22:39,453 - app.utils.logger - DEBUG - agent query runing
2026-04-30 17:22:39,453 - app.utils.logger - DEBUG - agent query runing
2026-04-30 17:22:39,454 - app.utils.logger - DEBUG - agent query runing
2026-04-30 17:22:39,454 - app.utils.logger - DEBUG - agent query runing
2026-04-30 17:22:39,455 - app.utils.logger - DEBUG - agent query runing
2026-04-30 17:22:39,455 - app.utils.logger - DEBUG - agent query runing
2026-04-30 17:22:39,456 - app.utils.logger - DEBUG - agent query runing
2026-04-30 17:22:39,456 - app.utils.logger - DEBUG - agent query runing
2026-04-30 17:22:39,457 - app.utils.logger - DEBUG - agent query runing
2026-04-30 17:22:39,457 - app.utils.logger - DEBUG - agent query runing
2026-04-30 17:22:39,458 - app.utils.logger - DEBUG - agent query runing
2026-04-30 17:22:39,458 - app.utils.logger - DEBUG - agent query runing
2026-04-30 17:22:39,459 - app.utils.logger - DEBUG - agent query runing
2026-04-30 17:22:39,459 - app.utils.logger - DEBUG - agent query runing
2026-04-30 17:24:09,801 - app.utils.logger - INFO - agent has incilized succsfully
2026-05-02 12:35:44,603 - app.utils.logger - INFO - agent has incilized succsfully
2026-05-02 12:35:45,904 - app.utils.logger - INFO - agent has incilized succsfully
2026-05-02 12:37:24,092 - app.utils.logger - INFO - agent has incilized succsfully
2026-05-02 12:40:38,763 - app.utils.logger - INFO - agent has incilized succsfully
2026-05-02 12:41:38,415 - app.utils.logger - INFO - agent has incilized succsfully
2026-05-02 13:01:51,500 - app.utils.logger - INFO - agent has incilized succsfully
2026-05-02 13:01:52,700 - app.utils.logger - INFO - agent has incilized succsfully
2026-05-02 13:02:05,896 - app.utils.logger - ERROR - sorry an exception occured'str' object has no attribute 'query'
Traceback (most recent call last):
  File "C:\Users\shova\Desktop\project\test\app\src\agno_engine.py", line 62, in run_agent
    async for chunk in self.cleint.arun(user.query, stream=True):
                                        ^^^^^^^^^^
AttributeError: 'str' object has no attribute 'query'
2026-05-02 13:03:49,989 - app.utils.logger - INFO - agent has incilized succsfully
2026-05-02 13:07:13,711 - app.utils.logger - INFO - agent has incilized succsfully
2026-05-02 13:07:34,932 - app.utils.logger - INFO - agent has incilized succsfully
2026-05-02 13:07:59,210 - app.utils.logger - INFO - agent has incilized succsfully
2026-05-02 13:08:04,498 - app.utils.logger - INFO - agent has incilized succsfully
2026-05-02 13:08:13,055 - app.utils.logger - INFO - agent has incilized succsfully
2026-05-02 13:08:30,247 - app.utils.logger - INFO - agent has incilized succsfully
2026-05-02 13:09:04,462 - app.utils.logger - INFO - agent has incilized succsfully
2026-05-02 13:09:06,456 - app.utils.logger - INFO - agent has incilized succsfully
2026-05-02 13:09:36,393 - app.utils.logger - DEBUG - agent query runing
2026-05-02 13:15:11,750 - app.utils.logger - INFO - agent has incilized succsfully
2026-05-02 13:15:13,455 - app.utils.logger - ERROR - sorry an exception occured'str' object has no attribute 'query'
Traceback (most recent call last):
  File "C:\Users\shova\Desktop\project\test\app\src\agno_engine.py", line 62, in run_agent
    async for chunk in self.cleint.arun(input=user.query, user_id=user.user_id, stream=True):
                                              ^^^^^^^^^^
AttributeError: 'str' object has no attribute 'query'
2026-05-02 13:16:25,620 - app.utils.logger - INFO - agent has incilized succsfully
2026-05-02 13:19:00,878 - app.utils.logger - INFO - agent has incilized succsfully
2026-05-02 13:19:23,689 - app.utils.logger - INFO - agent has incilized succsfully
2026-05-02 13:19:45,940 - app.utils.logger - INFO - agent has incilized succsfully
2026-05-02 13:19:47,371 - app.utils.logger - INFO - agent has incilized succsfully
2026-05-02 13:19:59,669 - app.utils.logger - INFO - agent has incilized succsfully
2026-05-02 13:20:02,224 - app.utils.logger - INFO - agent has incilized succsfully
2026-05-02 13:20:05,874 - app.utils.logger - INFO - agent has incilized succsfully
2026-05-02 13:20:07,736 - app.utils.logger - INFO - agent has incilized succsfully
2026-05-02 13:20:18,820 - app.utils.logger - DEBUG - agent query runing
2026-05-02 13:23:17,464 - app.utils.logger - INFO - agent has incilized succsfully
2026-05-02 13:23:53,033 - app.utils.logger - INFO - agent has incilized succsfully
2026-05-02 13:23:57,642 - app.utils.logger - DEBUG - agent query runing
2026-05-02 13:24:05,848 - app.utils.logger - INFO - agent has incilized succsfully
2026-05-02 13:30:35,615 - app.utils.logger - INFO - agent has incilized succsfully
2026-05-02 13:30:42,958 - app.utils.logger - DEBUG - agent query runing
2026-05-02 13:31:55,939 - app.utils.logger - INFO - agent has incilized succsfully
2026-05-02 13:31:59,502 - app.utils.logger - DEBUG - agent query runing
2026-05-02 13:39:58,873 - app.utils.logger - INFO - agent has incilized succsfully
2026-05-02 13:40:14,786 - app.utils.logger - DEBUG - agent query runing
2026-05-02 13:43:40,138 - app.utils.logger - INFO - agent has incilized succsfully
2026-05-02 13:46:25,776 - app.utils.logger - INFO - agent has incilized succsfully
2026-05-02 13:46:28,327 - app.utils.logger - INFO - agent has incilized succsfully
2026-05-02 13:47:15,722 - app.utils.logger - INFO - agent has incilized succsfully
2026-05-02 13:47:19,511 - app.utils.logger - DEBUG - agent query runing
2026-05-02 13:48:17,225 - app.utils.logger - INFO - agent has incilized succsfully
2026-05-02 13:48:31,617 - app.utils.logger - DEBUG - agent query runing
2026-05-02 13:49:30,309 - app.utils.logger - INFO - agent has incilized succsfully
2026-05-02 13:49:33,653 - app.utils.logger - DEBUG - agent query runing
2026-05-02 13:49:33,654 - app.utils.logger - DEBUG - agent query runing
2026-05-02 13:49:33,655 - app.utils.logger - DEBUG - agent query runing
2026-05-02 13:49:33,655 - app.utils.logger - DEBUG - agent query runing
2026-05-02 13:49:33,656 - app.utils.logger - DEBUG - agent query runing
2026-05-02 13:49:33,656 - app.utils.logger - DEBUG - agent query runing
2026-05-02 13:49:33,656 - app.utils.logger - DEBUG - agent query runing
2026-05-02 13:49:33,657 - app.utils.logger - DEBUG - agent query runing
2026-05-02 13:49:33,658 - app.utils.logger - DEBUG - agent query runing
2026-05-02 13:49:33,658 - app.utils.logger - DEBUG - agent query runing
2026-05-02 13:50:42,051 - app.utils.logger - INFO - agent has incilized succsfully
2026-05-02 13:50:45,974 - app.utils.logger - DEBUG - agent query runing
2026-05-02 13:53:33,196 - app.utils.logger - INFO - agent has incilized succsfully
2026-05-02 13:53:37,812 - app.utils.logger - INFO - agent has incilized succsfully
2026-05-02 13:53:42,307 - app.utils.logger - DEBUG - agent query runing
2026-05-02 13:54:00,892 - app.utils.logger - INFO - agent has incilized succsfully
2026-05-02 13:54:10,964 - app.utils.logger - INFO - agent has incilized succsfully
2026-05-02 13:54:14,488 - app.utils.logger - DEBUG - agent query runing
2026-05-02 13:54:29,140 - app.utils.logger - INFO - agent has incilized succsfully
2026-05-02 13:54:46,086 - app.utils.logger - INFO - agent has incilized succsfully
2026-05-02 13:54:47,891 - app.utils.logger - DEBUG - agent query runing
2026-05-02 13:55:02,657 - app.utils.logger - INFO - agent has incilized succsfully
2026-05-02 13:55:14,590 - app.utils.logger - INFO - agent has incilized succsfully
2026-05-02 13:55:45,610 - app.utils.logger - DEBUG - agent query runing
2026-05-02 13:55:58,449 - app.utils.logger - INFO - agent has incilized succsfully
2026-05-02 13:55:59,876 - app.utils.logger - INFO - agent has incilized succsfully
2026-05-02 13:56:07,273 - app.utils.logger - DEBUG - agent query runing
2026-05-02 13:56:56,350 - app.utils.logger - INFO - agent has incilized succsfully
2026-05-02 13:57:01,750 - app.utils.logger - INFO - agent has incilized succsfully
2026-05-02 13:57:29,556 - app.utils.logger - INFO - agent has incilized succsfully
2026-05-02 13:57:37,985 - app.utils.logger - DEBUG - agent query runing
2026-05-02 14:04:09,546 - app.utils.logger - INFO - agent has incilized succsfully
2026-05-02 14:04:12,787 - app.utils.logger - DEBUG - agent query runing
2026-05-02 14:04:19,113 - app.utils.logger - DEBUG - agent query runing
2026-05-02 14:04:55,134 - app.utils.logger - INFO - agent has incilized succsfully
2026-05-02 14:04:56,566 - app.utils.logger - INFO - agent has incilized succsfully
2026-05-02 14:04:57,991 - app.utils.logger - INFO - agent has incilized succsfully
2026-05-02 14:05:50,998 - app.utils.logger - INFO - agent has incilized succsfully
2026-05-02 14:06:13,018 - app.utils.logger - INFO - agent has incilized succsfully
2026-05-02 14:07:08,877 - app.utils.logger - INFO - agent has incilized succsfully
2026-05-02 14:07:10,101 - app.utils.logger - INFO - agent has incilized succsfully
2026-05-02 14:07:19,561 - app.utils.logger - DEBUG - agent query runing
2026-05-02 14:08:20,766 - app.utils.logger - INFO - agent has incilized succsfully
2026-05-02 14:09:02,104 - app.utils.logger - INFO - agent has incilized succsfully
2026-05-02 14:09:15,488 - app.utils.logger - INFO - agent has incilized succsfully
2026-05-02 14:09:31,931 - app.utils.logger - INFO - agent has incilized succsfully
2026-05-02 14:09:45,900 - app.utils.logger - INFO - agent has incilized succsfully
2026-05-02 14:09:56,496 - app.utils.logger - INFO - agent has incilized succsfully
2026-05-02 14:10:10,920 - app.utils.logger - DEBUG - agent query runing
2026-05-02 14:10:50,258 - app.utils.logger - INFO - agent has incilized succsfully
2026-05-02 14:11:01,219 - app.utils.logger - INFO - agent has incilized succsfully
2026-05-02 14:11:06,403 - app.utils.logger - INFO - agent has incilized succsfully
2026-05-02 14:11:25,483 - app.utils.logger - INFO - agent has incilized succsfully
2026-05-02 14:11:28,036 - app.utils.logger - DEBUG - agent query runing
2026-05-02 14:13:48,025 - app.utils.logger - INFO - agent has incilized succsfully
2026-05-02 14:14:07,935 - app.utils.logger - INFO - agent has incilized succsfully
2026-05-02 14:14:32,584 - app.utils.logger - INFO - agent has incilized succsfully
2026-05-02 14:14:48,673 - app.utils.logger - INFO - agent has incilized succsfully
2026-05-02 14:14:57,245 - app.utils.logger - DEBUG - agent query runing
2026-05-02 14:17:39,494 - app.utils.logger - INFO - agent has incilized succsfully
2026-05-02 14:17:48,519 - app.utils.logger - INFO - agent has incilized succsfully
2026-05-02 14:17:57,124 - app.utils.logger - DEBUG - agent query runing
2026-05-02 14:18:13,255 - app.utils.logger - INFO - agent has incilized succsfully
2026-05-02 14:18:30,119 - app.utils.logger - INFO - agent has incilized succsfully
2026-05-02 14:18:36,512 - app.utils.logger - DEBUG - agent query runing
2026-05-02 14:18:59,755 - app.utils.logger - INFO - agent has incilized succsfully
2026-05-02 14:19:19,963 - app.utils.logger - DEBUG - agent query runing
2026-05-02 14:19:44,420 - app.utils.logger - INFO - agent has incilized succsfully
2026-05-02 14:19:49,508 - app.utils.logger - DEBUG - agent query runing
2026-05-02 14:20:58,552 - app.utils.logger - INFO - agent has incilized succsfully
2026-05-02 14:21:00,001 - app.utils.logger - INFO - agent has incilized succsfully
2026-05-02 14:21:26,708 - app.utils.logger - INFO - agent has incilized succsfully
2026-05-02 14:21:45,476 - app.utils.logger - INFO - agent has incilized succsfully
2026-05-02 14:21:53,824 - app.utils.logger - DEBUG - agent query runing
2026-05-02 14:22:34,528 - app.utils.logger - INFO - agent has incilized succsfully
2026-05-02 14:22:39,454 - app.utils.logger - DEBUG - agent query runing
2026-05-02 14:22:39,455 - app.utils.logger - DEBUG - agent query runing
2026-05-02 14:22:39,461 - app.utils.logger - DEBUG - agent query runing
2026-05-02 14:22:39,461 - app.utils.logger - DEBUG - agent query runing
2026-05-02 14:22:39,462 - app.utils.logger - DEBUG - agent query runing
2026-05-02 14:22:39,462 - app.utils.logger - DEBUG - agent query runing
2026-05-02 14:22:39,467 - app.utils.logger - DEBUG - agent query runing
2026-05-02 14:22:39,467 - app.utils.logger - DEBUG - agent query runing
2026-05-02 14:22:39,468 - app.utils.logger - DEBUG - agent query runing
2026-05-02 14:22:39,469 - app.utils.logger - DEBUG - agent query runing
2026-05-02 14:22:39,469 - app.utils.logger - DEBUG - agent query runing
2026-05-02 14:22:39,470 - app.utils.logger - DEBUG - agent query runing
2026-05-02 14:22:39,470 - app.utils.logger - DEBUG - agent query runing
2026-05-02 14:22:39,471 - app.utils.logger - DEBUG - agent query runing
2026-05-02 14:22:39,471 - app.utils.logger - DEBUG - agent query runing
2026-05-02 14:22:39,472 - app.utils.logger - DEBUG - agent query runing
2026-05-02 14:22:39,473 - app.utils.logger - DEBUG - agent query runing
2026-05-02 14:22:39,473 - app.utils.logger - DEBUG - agent query runing
2026-05-02 14:22:39,474 - app.utils.logger - DEBUG - agent query runing
2026-05-02 14:22:39,474 - app.utils.logger - DEBUG - agent query runing
2026-05-02 14:22:39,475 - app.utils.logger - DEBUG - agent query runing
2026-05-02 14:22:39,475 - app.utils.logger - DEBUG - agent query runing
2026-05-02 14:22:39,479 - app.utils.logger - DEBUG - agent query runing
2026-05-02 14:22:39,480 - app.utils.logger - DEBUG - agent query runing
2026-05-02 14:22:39,480 - app.utils.logger - DEBUG - agent query runing
2026-05-02 14:22:39,487 - app.utils.logger - DEBUG - agent query runing
2026-05-02 14:22:39,491 - app.utils.logger - DEBUG - agent query runing
2026-05-02 14:22:39,491 - app.utils.logger - DEBUG - agent query runing
2026-05-02 14:22:39,492 - app.utils.logger - DEBUG - agent query runing
2026-05-02 14:22:39,492 - app.utils.logger - DEBUG - agent query runing
2026-05-02 14:22:39,496 - app.utils.logger - DEBUG - agent query runing
2026-05-02 14:24:52,422 - app.utils.logger - INFO - agent has incilized succsfully
2026-05-02 14:25:09,573 - app.utils.logger - INFO - agent has incilized succsfully
2026-05-02 14:26:43,370 - app.utils.logger - INFO - agent has incilized succsfully
2026-05-02 14:26:58,553 - app.utils.logger - INFO - agent has incilized succsfully
2026-05-02 14:33:04,182 - app.utils.logger - DEBUG - agent query runing
2026-05-02 14:33:05,708 - app.utils.logger - INFO - agent has incilized succsfully
2026-05-02 14:40:35,546 - app.utils.logger - DEBUG - agent query runing
2026-05-02 14:40:35,546 - app.utils.logger - DEBUG - agent query runing
2026-05-02 14:40:35,547 - app.utils.logger - DEBUG - agent query runing
2026-05-02 14:40:35,547 - app.utils.logger - DEBUG - agent query runing
2026-05-02 14:40:35,548 - app.utils.logger - DEBUG - agent query runing
2026-05-02 14:40:35,549 - app.utils.logger - DEBUG - agent query runing
2026-05-02 14:40:35,549 - app.utils.logger - DEBUG - agent query runing
2026-05-02 14:40:35,550 - app.utils.logger - DEBUG - agent query runing
2026-05-02 14:40:35,550 - app.utils.logger - DEBUG - agent query runing
2026-05-02 14:40:35,551 - app.utils.logger - DEBUG - agent query runing
2026-05-02 15:42:16,178 - app.utils.logger - INFO - agent has incilized succsfully
2026-05-02 15:42:47,042 - app.utils.logger - INFO - agent has incilized succsfully
2026-05-02 15:43:09,882 - app.utils.logger - INFO - agent has incilized succsfully
2026-05-02 15:43:11,029 - app.utils.logger - INFO - agent has incilized succsfully
2026-05-02 16:44:02,589 - app.utils.logger - INFO - agent has incilized succsfully
2026-05-02 16:44:03,745 - app.utils.logger - INFO - agent has incilized succsfully
2026-05-02 16:46:24,138 - app.utils.logger - INFO - agent has incilized succsfully
2026-05-02 16:46:36,448 - app.utils.logger - INFO - agent has incilized succsfully
2026-05-02 16:47:29,707 - app.utils.logger - INFO - agent has incilized succsfully
2026-05-02 16:47:31,097 - app.utils.logger - INFO - agent has incilized succsfully
2026-05-02 16:48:51,157 - app.utils.logger - INFO - agent has incilized succsfully
2026-05-02 16:48:52,535 - app.utils.logger - INFO - agent has incilized succsfully
2026-05-02 16:49:09,681 - app.utils.logger - INFO - agent has incilized succsfully
2026-05-05 12:40:09,408 - app.utils.logger - INFO - agent has incilized succsfully
2026-05-05 12:53:30,457 - app.utils.logger - INFO - agent has incilized succsfully
2026-05-05 12:55:19,505 - app.utils.logger - INFO - agent has incilized succsfully
2026-05-05 12:55:20,949 - app.utils.logger - INFO - agent has incilized succsfully
2026-05-05 12:55:44,877 - app.utils.logger - INFO - agent has incilized succsfully
2026-05-05 12:56:38,115 - app.utils.logger - INFO - agent has incilized succsfully
2026-05-05 12:57:27,103 - app.utils.logger - INFO - agent has incilized succsfully
